// Bun Snapshot v1, https://bun.sh/docs/test/snapshots

exports[`TC-PROV-001 golden — provenance panel XHTML snapshot layer: provenance-panel.storage 1`] = `"<ac:structured-macro ac:name="info"><ac:rich-text-body><!-- marksync:provenance-panel --><p><strong>Source:</strong> docs/guide/api.md</p><p><strong>Git revision:</strong> a1b2c3d (main)</p><p><strong>Last sync:</strong> 2026-07-14T12:34:56Z</p></ac:rich-text-body></ac:structured-macro>"`;
